Archive member included to satisfy reference by file (symbol)

D:/STM32CubeIDE/STM32CubeIDE_1.14.1/STM32CubeIDE/plugins/com.st.stm32cube.ide.mcu.externaltools.gnu-tools-for-stm32.11.3.rel1.win32_1.1.100.202309141235/tools/bin/../lib/gcc/arm-none-eabi/11.3.1/../../../../arm-none-eabi/lib/thumb/v7-m/nofp\libc_nano.a(libc_a-exit.o)
                              D:/STM32CubeIDE/STM32CubeIDE_1.14.1/STM32CubeIDE/plugins/com.st.stm32cube.ide.mcu.externaltools.gnu-tools-for-stm32.11.3.rel1.win32_1.1.100.202309141235/tools/bin/../lib/gcc/arm-none-eabi/11.3.1/../../../../arm-none-eabi/lib/thumb/v7-m/nofp/crt0.o (exit)
D:/STM32CubeIDE/STM32CubeIDE_1.14.1/STM32CubeIDE/plugins/com.st.stm32cube.ide.mcu.externaltools.gnu-tools-for-stm32.11.3.rel1.win32_1.1.100.202309141235/tools/bin/../lib/gcc/arm-none-eabi/11.3.1/../../../../arm-none-eabi/lib/thumb/v7-m/nofp\libc_nano.a(libc_a-findfp.o)
                              D:/STM32CubeIDE/STM32CubeIDE_1.14.1/STM32CubeIDE/plugins/com.st.stm32cube.ide.mcu.externaltools.gnu-tools-for-stm32.11.3.rel1.win32_1.1.100.202309141235/tools/bin/../lib/gcc/arm-none-eabi/11.3.1/../../../../arm-none-eabi/lib/thumb/v7-m/nofp\libc_nano.a(libc_a-exit.o) (__stdio_exit_handler)
D:/STM32CubeIDE/STM32CubeIDE_1.14.1/STM32CubeIDE/plugins/com.st.stm32cube.ide.mcu.externaltools.gnu-tools-for-stm32.11.3.rel1.win32_1.1.100.202309141235/tools/bin/../lib/gcc/arm-none-eabi/11.3.1/../../../../arm-none-eabi/lib/thumb/v7-m/nofp\libc_nano.a(libc_a-fwalk.o)
                              D:/STM32CubeIDE/STM32CubeIDE_1.14.1/STM32CubeIDE/plugins/com.st.stm32cube.ide.mcu.externaltools.gnu-tools-for-stm32.11.3.rel1.win32_1.1.100.202309141235/tools/bin/../lib/gcc/arm-none-eabi/11.3.1/../../../../arm-none-eabi/lib/thumb/v7-m/nofp\libc_nano.a(libc_a-findfp.o) (_fwalk_sglue)
D:/STM32CubeIDE/STM32CubeIDE_1.14.1/STM32CubeIDE/plugins/com.st.stm32cube.ide.mcu.externaltools.gnu-tools-for-stm32.11.3.rel1.win32_1.1.100.202309141235/tools/bin/../lib/gcc/arm-none-eabi/11.3.1/../../../../arm-none-eabi/lib/thumb/v7-m/nofp\libc_nano.a(libc_a-stdio.o)
                              D:/STM32CubeIDE/STM32CubeIDE_1.14.1/STM32CubeIDE/plugins/com.st.stm32cube.ide.mcu.externaltools.gnu-tools-for-stm32.11.3.rel1.win32_1.1.100.202309141235/tools/bin/../lib/gcc/arm-none-eabi/11.3.1/../../../../arm-none-eabi/lib/thumb/v7-m/nofp\libc_nano.a(libc_a-findfp.o) (__sread)
D:/STM32CubeIDE/STM32CubeIDE_1.14.1/STM32CubeIDE/plugins/com.st.stm32cube.ide.mcu.externaltools.gnu-tools-for-stm32.11.3.rel1.win32_1.1.100.202309141235/tools/bin/../lib/gcc/arm-none-eabi/11.3.1/../../../../arm-none-eabi/lib/thumb/v7-m/nofp\libc_nano.a(libc_a-memset.o)
                              D:/STM32CubeIDE/STM32CubeIDE_1.14.1/STM32CubeIDE/plugins/com.st.stm32cube.ide.mcu.externaltools.gnu-tools-for-stm32.11.3.rel1.win32_1.1.100.202309141235/tools/bin/../lib/gcc/arm-none-eabi/11.3.1/../../../../arm-none-eabi/lib/thumb/v7-m/nofp/crt0.o (memset)
D:/STM32CubeIDE/STM32CubeIDE_1.14.1/STM32CubeIDE/plugins/com.st.stm32cube.ide.mcu.externaltools.gnu-tools-for-stm32.11.3.rel1.win32_1.1.100.202309141235/tools/bin/../lib/gcc/arm-none-eabi/11.3.1/../../../../arm-none-eabi/lib/thumb/v7-m/nofp\libc_nano.a(libc_a-closer.o)
                              D:/STM32CubeIDE/STM32CubeIDE_1.14.1/STM32CubeIDE/plugins/com.st.stm32cube.ide.mcu.externaltools.gnu-tools-for-stm32.11.3.rel1.win32_1.1.100.202309141235/tools/bin/../lib/gcc/arm-none-eabi/11.3.1/../../../../arm-none-eabi/lib/thumb/v7-m/nofp\libc_nano.a(libc_a-stdio.o) (_close_r)
D:/STM32CubeIDE/STM32CubeIDE_1.14.1/STM32CubeIDE/plugins/com.st.stm32cube.ide.mcu.externaltools.gnu-tools-for-stm32.11.3.rel1.win32_1.1.100.202309141235/tools/bin/../lib/gcc/arm-none-eabi/11.3.1/../../../../arm-none-eabi/lib/thumb/v7-m/nofp\libc_nano.a(libc_a-reent.o)
                              D:/STM32CubeIDE/STM32CubeIDE_1.14.1/STM32CubeIDE/plugins/com.st.stm32cube.ide.mcu.externaltools.gnu-tools-for-stm32.11.3.rel1.win32_1.1.100.202309141235/tools/bin/../lib/gcc/arm-none-eabi/11.3.1/../../../../arm-none-eabi/lib/thumb/v7-m/nofp\libc_nano.a(libc_a-closer.o) (errno)
D:/STM32CubeIDE/STM32CubeIDE_1.14.1/STM32CubeIDE/plugins/com.st.stm32cube.ide.mcu.externaltools.gnu-tools-for-stm32.11.3.rel1.win32_1.1.100.202309141235/tools/bin/../lib/gcc/arm-none-eabi/11.3.1/../../../../arm-none-eabi/lib/thumb/v7-m/nofp\libc_nano.a(libc_a-impure.o)
                              D:/STM32CubeIDE/STM32CubeIDE_1.14.1/STM32CubeIDE/plugins/com.st.stm32cube.ide.mcu.externaltools.gnu-tools-for-stm32.11.3.rel1.win32_1.1.100.202309141235/tools/bin/../lib/gcc/arm-none-eabi/11.3.1/../../../../arm-none-eabi/lib/thumb/v7-m/nofp\libc_nano.a(libc_a-reent.o) (_impure_ptr)
D:/STM32CubeIDE/STM32CubeIDE_1.14.1/STM32CubeIDE/plugins/com.st.stm32cube.ide.mcu.externaltools.gnu-tools-for-stm32.11.3.rel1.win32_1.1.100.202309141235/tools/bin/../lib/gcc/arm-none-eabi/11.3.1/../../../../arm-none-eabi/lib/thumb/v7-m/nofp\libc_nano.a(libc_a-lseekr.o)
[...]
Memory Configuration

Name             Origin             Length             Attributes
RAM              0x0000000020000000 0x0000000000005000 xrw
FLASH            0x0000000008000000 0x0000000000010000 xr
*default*        0x0000000000000000 0xffffffffffffffff

Linker script and memory map

LOAD D:/STM32CubeIDE/STM32CubeIDE_1.14.1/STM32CubeIDE/plugins/com.st.stm32cube.ide.mcu.externaltools.gnu-tools-for-stm32.11.3.rel1.win32_1.1.100.202309141235/tools/bin/../lib/gcc/arm-none-eabi/11.3.1/thumb/v7-m/nofp/crti.o
LOAD D:/STM32CubeIDE/STM32CubeIDE_1.14.1/STM32CubeIDE/plugins/com.st.stm32cube.ide.mcu.externaltools.gnu-tools-for-stm32.11.3.rel1.win32_1.1.100.202309141235/tools/bin/../lib/gcc/arm-none-eabi/11.3.1/thumb/v7-m/nofp/crtbegin.o
LOAD D:/STM32CubeIDE/STM32CubeIDE_1.14.1/STM32CubeIDE/plugins/com.st.stm32cube.ide.mcu.externaltools.gnu-tools-for-stm32.11.3.rel1.win32_1.1.100.202309141235/tools/bin/../lib/gcc/arm-none-eabi/11.3.1/../../../../arm-none-eabi/lib/thumb/v7-m/nofp/crt0.o
LOAD ./Src/CortexM3/NVIC/Cortex_M3_NVIC.o
LOAD ./Src/CortexM3/SCB/Cortex-M3_SCB.o
LOAD ./Src/CortexM3/SysTick/Cortex-M3_SysTick.o
LOAD ./Src/HAL/GPIO/gpio.o
LOAD ./Src/HAL/RCC/rcc.o
LOAD ./Src/HAL/Timer/hal_tim2.o
LOAD ./Src/main.o
LOAD ./Src/syscalls.o
LOAD ./Src/sysmem.o
LOAD ./Startup/startup_stm32f103c8tx.o
START GROUP
LOAD D:/STM32CubeIDE/STM32CubeIDE_1.14.1/STM32CubeIDE/plugins/com.st.stm32cube.ide.mcu.externaltools.gnu-tools-for-stm32.11.3.rel1.win32_1.1.100.202309141235/tools/bin/../lib/gcc/arm-none-eabi/11.3.1/../../../../arm-none-eabi/lib/thumb/v7-m/nofp\libc_nano.a
LOAD D:/STM32CubeIDE/STM32CubeIDE_1.14.1/STM32CubeIDE/plugins/com.st.stm32cube.ide.mcu.externaltools.gnu-tools-for-stm32.11.3.rel1.win32_1.1.100.202309141235/tools/bin/../lib/gcc/arm-none-eabi/11.3.1/../../../../arm-none-eabi/lib/thumb/v7-m/nofp\libm.a
END GROUP
START GROUP
LOAD D:/STM32CubeIDE/STM32CubeIDE_1.14.1/STM32CubeIDE/plugins/com.st.stm32cube.ide.mcu.externaltools.gnu-tools-for-stm32.11.3.rel1.win32_1.1.100.202309141235/tools/bin/../lib/gcc/arm-none-eabi/11.3.1/thumb/v7-m/nofp\libgcc.a
LOAD D:/STM32CubeIDE/STM32CubeIDE_1.14.1/STM32CubeIDE/plugins/com.st.stm32cube.ide.mcu.externaltools.gnu-tools-for-stm32.11.3.rel1.win32_1.1.100.202309141235/tools/bin/../lib/gcc/arm-none-eabi/11.3.1/../../../../arm-none-eabi/lib/thumb/v7-m/nofp\libc_nano.a
END GROUP
START GROUP
LOAD D:/STM32CubeIDE/STM32CubeIDE_1.14.1/STM32CubeIDE/plugins/com.st.stm32cube.ide.mcu.externaltools.gnu-tools-for-stm32.11.3.rel1.win32_1.1.100.202309141235/tools/bin/../lib/gcc/arm-none-eabi/11.3.1/thumb/v7-m/nofp\libgcc.a
LOAD D:/STM32CubeIDE/STM32CubeIDE_1.14.1/STM32CubeIDE/plugins/com.st.stm32cube.ide.mcu.externaltools.gnu-tools-for-stm32.11.3.rel1.win32_1.1.100.202309141235/tools/bin/../lib/gcc/arm-none-eabi/11.3.1/../../../../arm-none-eabi/lib/thumb/v7-m/nofp\libc_nano.a
LOAD D:/STM32CubeIDE/STM32CubeIDE_1.14.1/STM32CubeIDE/plugins/com.st.stm32cube.ide.mcu.externaltools.gnu-tools-for-stm32.11.3.rel1.win32_1.1.100.202309141235/tools/bin/../lib/gcc/arm-none-eabi/11.3.1/../../../../arm-none-eabi/lib/thumb/v7-m/nofp\libnosys.a
END GROUP
START GROUP
LOAD D:/STM32CubeIDE/STM32CubeIDE_1.14.1/STM32CubeIDE/plugins/com.st.stm32cube.ide.mcu.externaltools.gnu-tools-for-stm32.11.3.rel1.win32_1.1.100.202309141235/tools/bin/../lib/gcc/arm-none-eabi/11.3.1/thumb/v7-m/nofp\libgcc.a
LOAD D:/STM32CubeIDE/STM32CubeIDE_1.14.1/STM32CubeIDE/plugins/com.st.stm32cube.ide.mcu.externaltools.gnu-tools-for-stm32.11.3.rel1.win32_1.1.100.202309141235/tools/bin/../lib/gcc/arm-none-eabi/11.3.1/../../../../arm-none-eabi/lib/thumb/v7-m/nofp\libc_nano.a
LOAD D:/STM32CubeIDE/STM32CubeIDE_1.14.1/STM32CubeIDE/plugins/com.st.stm32cube.ide.mcu.externaltools.gnu-tools-for-stm32.11.3.rel1.win32_1.1.100.202309141235/tools/bin/../lib/gcc/arm-none-eabi/11.3.1/../../../../arm-none-eabi/lib/thumb/v7-m/nofp\libnosys.a
END GROUP
LOAD D:/STM32CubeIDE/STM32CubeIDE_1.14.1/STM32CubeIDE/plugins/com.st.stm32cube.ide.mcu.externaltools.gnu-tools-for-stm32.11.3.rel1.win32_1.1.100.202309141235/tools/bin/../lib/gcc/arm-none-eabi/11.3.1/thumb/v7-m/nofp/crtend.o
LOAD D:/STM32CubeIDE/STM32CubeIDE_1.14.1/STM32CubeIDE/plugins/com.st.stm32cube.ide.mcu.externaltools.gnu-tools-for-stm32.11.3.rel1.win32_1.1.100.202309141235/tools/bin/../lib/gcc/arm-none-eabi/11.3.1/thumb/v7-m/nofp/crtn.o
                0x0000000020005000                _estack = (ORIGIN (RAM) + LENGTH (RAM))
                0x0000000000000200                _Min_Heap_Size = 0x200
                0x0000000000000400                _Min_Stack_Size = 0x400

.isr_vector     0x0000000008000000      0x130
                0x0000000008000000                . = ALIGN (0x4)
 *(.isr_vector)
 .isr_vector    0x0000000008000000      0x130 ./Startup/startup_stm32f103c8tx.o
                0x0000000008000000                g_pfnVectors
                0x0000000008000130                . = ALIGN (0x4)

.text           0x0000000008000130      0x4ec
                0x0000000008000130                . = ALIGN (0x4)
 *(.text)
 .text          0x0000000008000130       0x40 D:/STM32CubeIDE/STM32CubeIDE_1.14.1/STM32CubeIDE/plugins/com.st.stm32cube.ide.mcu.externaltools.gnu-tools-for-stm32.11.3.rel1.win32_1.1.100.202309141235/tools/bin/../lib/gcc/arm-none-eabi/11.3.1/thumb/v7-m/nofp/crtbegin.o
 *(.text*)
 .text.SysTick_Init
                0x0000000008000170       0x5c ./Src/CortexM3/SysTick/Cortex-M3_SysTick.o
                0x0000000008000170                SysTick_Init
 .text.SysTick_DeInit
                0x00000000080001cc       0x34 ./Src/CortexM3/SysTick/Cortex-M3_SysTick.o
                0x00000000080001cc                SysTick_DeInit
 .text.SysTick_PeriodicInterval
                0x0000000008000200       0x64 ./Src/CortexM3/SysTick/Cortex-M3_SysTick.o
                0x0000000008000200                SysTick_PeriodicInterval
 .text.SysTick_GetRemainingTicks
                0x0000000008000264       0x14 ./Src/CortexM3/SysTick/Cortex-M3_SysTick.o
                0x0000000008000264                SysTick_GetRemainingTicks
 .text.SysTick_Handler
                0x0000000008000278       0x2c ./Src/CortexM3/SysTick/Cortex-M3_SysTick.o
                0x0000000008000278                SysTick_Handler
 .text.RCC_SysClock_Init
                0x00000000080002a4      0x25c ./Src/HAL/RCC/rcc.o
                0x00000000080002a4                RCC_SysClock_Init
 .text.main     0x0000000008000500       0x4c ./Src/main.o
                0x0000000008000500                main
 .text.Callback
                0x000000000800054c       0x1c ./Src/main.o
                0x000000000800054c                Callback
 .text.Reset_Handler
                0x0000000008000568       0x50 ./Startup/startup_stm32f103c8tx.o
                0x0000000008000568                Reset_Handler
 .text.Default_Handler
                0x00000000080005b8        0x2 ./Startup/startup_stm32f103c8tx.o
                0x00000000080005b8                EXTI2_IRQHandler
                0x00000000080005b8                TIM8_TRG_COM_IRQHandler
                0x00000000080005b8                TIM8_CC_IRQHandler
                0x00000000080005b8                DebugMon_Handler
                0x00000000080005b8                TIM1_CC_IRQHandler
                0x00000000080005b8                HardFault_Handler
                0x00000000080005b8                TIM6_IRQHandler
                0x00000000080005b8                PVD_IRQHandler
                0x00000000080005b8                SDIO_IRQHandler
                0x00000000080005b8                PendSV_Handler
                0x00000000080005b8                NMI_Handler
                0x00000000080005b8                EXTI3_IRQHandler
                0x00000000080005b8                USB_HP_CAN_TX_IRQHandler
                0x00000000080005b8                EXTI0_IRQHandler
                0x00000000080005b8                I2C2_EV_IRQHandler
                0x00000000080005b8                UsageFault_Handler
                0x00000000080005b8                ADC1_2_IRQHandler
                0x00000000080005b8                SPI1_IRQHandler
                0x00000000080005b8                CAN_SCE_IRQHandler
                0x00000000080005b8                TAMPER_IRQHandler
                0x00000000080005b8                TIM8_UP_IRQHandler
                0x00000000080005b8                DMA2_Channel2_IRQHandler
                0x00000000080005b8                DMA1_Channel4_IRQHandler
                0x00000000080005b8                USART3_IRQHandler
                0x00000000080005b8                RTC_IRQHandler
                0x00000000080005b8                DMA1_Channel7_IRQHandler
                0x00000000080005b8                UART5_IRQHandler
                0x00000000080005b8                ADC3_IRQHandler
                0x00000000080005b8                TIM4_IRQHandler
                0x00000000080005b8                CAN_RX1_IRQHandler
                0x00000000080005b8                DMA2_Channel1_IRQHandler
                0x00000000080005b8                I2C1_EV_IRQHandler
                0x00000000080005b8                DMA1_Channel6_IRQHandler
                0x00000000080005b8                UART4_IRQHandler
                0x00000000080005b8                TIM3_IRQHandler
                0x00000000080005b8                RCC_IRQHandler
                0x00000000080005b8                TIM1_TRG_COM_IRQHandler
                0x00000000080005b8                DMA1_Channel1_IRQHandler
                0x00000000080005b8                Default_Handler
                0x00000000080005b8                EXTI15_10_IRQHandler
                0x00000000080005b8                TIM7_IRQHandler
                0x00000000080005b8                TIM5_IRQHandler
                0x00000000080005b8                EXTI9_5_IRQHandler
                0x00000000080005b8                SPI2_IRQHandler
                0x00000000080005b8                USB_LP_CAN_RX0_IRQHandler
                0x00000000080005b8                MemManage_Handler
                0x00000000080005b8                SVC_Handler
                0x00000000080005b8                DMA1_Channel5_IRQHandler
                0x00000000080005b8                EXTI4_IRQHandler
                0x00000000080005b8                DMA1_Channel3_IRQHandler
                0x00000000080005b8                FSMC_IRQHandler
                0x00000000080005b8                TIM1_UP_IRQHandler
                0x00000000080005b8                WWDG_IRQHandler
                0x00000000080005b8                TIM2_IRQHandler
                0x00000000080005b8                TIM1_BRK_IRQHandler
                0x00000000080005b8                EXTI1_IRQHandler
                0x00000000080005b8                RTCAlarm_IRQHandler
                0x00000000080005b8                DMA2_Channel4_5_IRQHandler
                0x00000000080005b8                USART2_IRQHandler
                0x00000000080005b8                I2C2_ER_IRQHandler
                0x00000000080005b8                DMA1_Channel2_IRQHandler
                0x00000000080005b8                TIM8_BRK_IRQHandler
                0x00000000080005b8                FLASH_IRQHandler
                0x00000000080005b8                BusFault_Handler
                0x00000000080005b8                USART1_IRQHandler
                0x00000000080005b8                SPI3_IRQHandler
                0x00000000080005b8                I2C1_ER_IRQHandler
                0x00000000080005b8                DMA2_Channel3_IRQHandler
 *fill*         0x00000000080005ba        0x2 
 .text.__libc_init_array
                0x00000000080005bc       0x48 D:/STM32CubeIDE/STM32CubeIDE_1.14.1/STM32CubeIDE/plugins/com.st.stm32cube.ide.mcu.externaltools.gnu-tools-for-stm32.11.3.rel1.win32_1.1.100.202309141235/tools/bin/../lib/gcc/arm-none-eabi/11.3.1/../../../../arm-none-eabi/lib/thumb/v7-m/nofp\libc_nano.a(libc_a-init.o)
                0x00000000080005bc                __libc_init_array
 *(.glue_7)
 .glue_7        0x0000000008000604        0x0 linker stubs
 *(.glue_7t)
 .glue_7t       0x0000000008000604        0x0 linker stubs
 *(.eh_frame)
 .eh_frame      0x0000000008000604        0x0 D:/STM32CubeIDE/STM32CubeIDE_1.14.1/STM32CubeIDE/plugins/com.st.stm32cube.ide.mcu.externaltools.gnu-tools-for-stm32.11.3.rel1.win32_1.1.100.202309141235/tools/bin/../lib/gcc/arm-none-eabi/11.3.1/thumb/v7-m/nofp/crtbegin.o
 *(.init)
 .init          0x0000000008000604        0x4 D:/STM32CubeIDE/STM32CubeIDE_1.14.1/STM32CubeIDE/plugins/com.st.stm32cube.ide.mcu.externaltools.gnu-tools-for-stm32.11.3.rel1.win32_1.1.100.202309141235/tools/bin/../lib/gcc/arm-none-eabi/11.3.1/thumb/v7-m/nofp/crti.o
                0x0000000008000604                _init
 .init          0x0000000008000608        0x8 D:/STM32CubeIDE/STM32CubeIDE_1.14.1/STM32CubeIDE/plugins/com.st.stm32cube.ide.mcu.externaltools.gnu-tools-for-stm32.11.3.rel1.win32_1.1.100.202309141235/tools/bin/../lib/gcc/arm-none-eabi/11.3.1/thumb/v7-m/nofp/crtn.o
 *(.fini)
 .fini          0x0000000008000610        0x4 D:/STM32CubeIDE/STM32CubeIDE_1.14.1/STM32CubeIDE/plugins/com.st.stm32cube.ide.mcu.externaltools.gnu-tools-for-stm32.11.3.rel1.win32_1.1.100.202309141235/tools/bin/../lib/gcc/arm-none-eabi/11.3.1/thumb/v7-m/nofp/crti.o
                0x0000000008000610                _fini
 .fini          0x0000000008000614        0x8 D:/STM32CubeIDE/STM32CubeIDE_1.14.1/STM32CubeIDE/plugins/com.st.stm32cube.ide.mcu.externaltools.gnu-tools-for-stm32.11.3.rel1.win32_1.1.100.202309141235/tools/bin/../lib/gcc/arm-none-eabi/11.3.1/thumb/v7-m/nofp/crtn.o
                0x000000000800061c                . = ALIGN (0x4)
                0x000000000800061c                _etext = .

.vfp11_veneer   0x000000000800061c        0x0
 .vfp11_veneer  0x000000000800061c        0x0 linker stubs

.v4_bx          0x000000000800061c        0x0
 .v4_bx         0x000000000800061c        0x0 linker stubs

.iplt           0x000000000800061c        0x0
 .iplt          0x000000000800061c        0x0 D:/STM32CubeIDE/STM32CubeIDE_1.14.1/STM32CubeIDE/plugins/com.st.stm32cube.ide.mcu.externaltools.gnu-tools-for-stm32.11.3.rel1.win32_1.1.100.202309141235/tools/bin/../lib/gcc/arm-none-eabi/11.3.1/thumb/v7-m/nofp/crtbegin.o

.rel.dyn        0x000000000800061c        0x0
 .rel.iplt      0x000000000800061c        0x0 D:/STM32CubeIDE/STM32CubeIDE_1.14.1/STM32CubeIDE/plugins/com.st.stm32cube.ide.mcu.externaltools.gnu-tools-for-stm32.11.3.rel1.win32_1.1.100.202309141235/tools/bin/../lib/gcc/arm-none-eabi/11.3.1/thumb/v7-m/nofp/crtbegin.o

.rodata         0x000000000800061c        0x0
                0x000000000800061c                . = ALIGN (0x4)
 *(.rodata)
 *(.rodata*)
                0x000000000800061c                . = ALIGN (0x4)

.ARM.extab      0x000000000800061c        0x0
                0x000000000800061c                . = ALIGN (0x4)
 *(.ARM.extab* .gnu.linkonce.armextab.*)
                0x000000000800061c                . = ALIGN (0x4)

.ARM            0x000000000800061c        0x0
                0x000000000800061c                . = ALIGN (0x4)
                0x000000000800061c                __exidx_start = .
 *(.ARM.exidx*)
                0x000000000800061c                __exidx_end = .
                0x000000000800061c                . = ALIGN (0x4)

.preinit_array  0x000000000800061c        0x0
                0x000000000800061c                . = ALIGN (0x4)
                0x000000000800061c                PROVIDE (__preinit_array_start = .)
 *(.preinit_array*)
                0x000000000800061c                PROVIDE (__preinit_array_end = .)
                0x000000000800061c                . = ALIGN (0x4)

.init_array     0x000000000800061c        0x4
                0x000000000800061c                . = ALIGN (0x4)
                0x000000000800061c                PROVIDE (__init_array_start = .)
 *(SORT_BY_NAME(.init_array.*))
 *(.init_array*)
 .init_array    0x000000000800061c        0x4 D:/STM32CubeIDE/STM32CubeIDE_1.14.1/STM32CubeIDE/plugins/com.st.stm32cube.ide.mcu.externaltools.gnu-tools-for-stm32.11.3.rel1.win32_1.1.100.202309141235/tools/bin/../lib/gcc/arm-none-eabi/11.3.1/thumb/v7-m/nofp/crtbegin.o
                0x0000000008000620                PROVIDE (__init_array_end = .)
                0x0000000008000620                . = ALIGN (0x4)

.fini_array     0x0000000008000620        0x4
                0x0000000008000620                . = ALIGN (0x4)
                [!provide]                        PROVIDE (__fini_array_start = .)
 *(SORT_BY_NAME(.fini_array.*))
 *(.fini_array*)
 .fini_array    0x0000000008000620        0x4 D:/STM32CubeIDE/STM32CubeIDE_1.14.1/STM32CubeIDE/plugins/com.st.stm32cube.ide.mcu.externaltools.gnu-tools-for-stm32.11.3.rel1.win32_1.1.100.202309141235/tools/bin/../lib/gcc/arm-none-eabi/11.3.1/thumb/v7-m/nofp/crtbegin.o
                [!provide]                        PROVIDE (__fini_array_end = .)
                0x0000000008000624                . = ALIGN (0x4)
                0x0000000008000624                _sidata = LOADADDR (.data)

.data           0x0000000020000000       0x24 load address 0x0000000008000624
                0x0000000020000000                . = ALIGN (0x4)
                0x0000000020000000                _sdata = .
 *(.data)
 *(.data*)
 .data.config   0x0000000020000000       0x24 ./Src/main.o
                0x0000000020000000                config
 *(.RamFunc)
 *(.RamFunc*)
                0x0000000020000024                . = ALIGN (0x4)
                0x0000000020000024                _edata = .

.igot.plt       0x0000000020000024        0x0 load address 0x0000000008000648
 .igot.plt      0x0000000020000024        0x0 D:/STM32CubeIDE/STM32CubeIDE_1.14.1/STM32CubeIDE/plugins/com.st.stm32cube.ide.mcu.externaltools.gnu-tools-for-stm32.11.3.rel1.win32_1.1.100.202309141235/tools/bin/../lib/gcc/arm-none-eabi/11.3.1/thumb/v7-m/nofp/crtbegin.o
                0x0000000020000024                . = ALIGN (0x4)

.bss            0x0000000020000024       0x2c load address 0x0000000008000648
                0x0000000020000024                _sbss = .
                0x0000000020000024                __bss_start__ = _sbss
 *(.bss)
 .bss           0x0000000020000024       0x1c D:/STM32CubeIDE/STM32CubeIDE_1.14.1/STM32CubeIDE/plugins/com.st.stm32cube.ide.mcu.externaltools.gnu-tools-for-stm32.11.3.rel1.win32_1.1.100.202309141235/tools/bin/../lib/gcc/arm-none-eabi/11.3.1/thumb/v7-m/nofp/crtbegin.o
 *(.bss*)
 .bss.CALLback  0x0000000020000040        0x4 ./Src/CortexM3/SysTick/Cortex-M3_SysTick.o
 .bss.Periodic  0x0000000020000044        0x1 ./Src/CortexM3/SysTick/Cortex-M3_SysTick.o
 .bss.Clock_Val
                0x0000000020000045        0x1 ./Src/HAL/RCC/rcc.o
 .bss.RET       0x0000000020000046        0x1 ./Src/main.o
                0x0000000020000046                RET
 .bss.ret       0x0000000020000047        0x1 ./Src/main.o
                0x0000000020000047                ret
 .bss.num       0x0000000020000048        0x4 ./Src/main.o
                0x0000000020000048                num
 .bss.remaining
                0x000000002000004c        0x4 ./Src/main.o
                0x000000002000004c                remaining
 *(COMMON)
                0x0000000020000050                . = ALIGN (0x4)
                0x0000000020000050                _ebss = .
                0x0000000020000050                __bss_end__ = _ebss

._user_heap_stack
                0x0000000020000050      0x600 load address 0x0000000008000648
                0x0000000020000050                . = ALIGN (0x8)
                [!provide]                        PROVIDE (end = .)
                0x0000000020000050                PROVIDE (_end = .)
                0x0000000020000250                . = (. + _Min_Heap_Size)
 *fill*         0x0000000020000050      0x200 
                0x0000000020000650                . = (. + _Min_Stack_Size)
 *fill*         0x0000000020000250      0x400 
                0x0000000020000650                . = ALIGN (0x8)

/DISCARD/
 libc.a(*)
 libm.a(*)
 libgcc.a(*)

.ARM.attributes
                0x0000000000000000       0x29
 *(.ARM.attributes)
 .ARM.attributes
                0x0000000000000000       0x1d D:/STM32CubeIDE/STM32CubeIDE_1.14.1/STM32CubeIDE/plugins/com.st.stm32cube.ide.mcu.externaltools.gnu-tools-for-stm32.11.3.rel1.win32_1.1.100.202309141235/tools/bin/../lib/gcc/arm-none-eabi/11.3.1/thumb/v7-m/nofp/crti.o
 .ARM.attributes
                0x000000000000001d       0x2d D:/STM32CubeIDE/STM32CubeIDE_1.14.1/STM32CubeIDE/plugins/com.st.stm32cube.ide.mcu.externaltools.gnu-tools-for-stm32.11.3.rel1.win32_1.1.100.202309141235/tools/bin/../lib/gcc/arm-none-eabi/11.3.1/thumb/v7-m/nofp/crtbegin.o
 .ARM.attributes
                0x000000000000004a       0x2d ./Src/CortexM3/SysTick/Cortex-M3_SysTick.o
 .ARM.attributes
                0x0000000000000077       0x2d ./Src/HAL/RCC/rcc.o
 .ARM.attributes
                0x00000000000000a4       0x2d ./Src/main.o
 .ARM.attributes
                0x00000000000000d1       0x21 ./Startup/startup_stm32f103c8tx.o
 .ARM.attributes
                0x00000000000000f2       0x2d D:/STM32CubeIDE/STM32CubeIDE_1.14.1/STM32CubeIDE/plugins/com.st.stm32cube.ide.mcu.externaltools.gnu-tools-for-stm32.11.3.rel1.win32_1.1.100.202309141235/tools/bin/../lib/gcc/arm-none-eabi/11.3.1/../../../../arm-none-eabi/lib/thumb/v7-m/nofp\libc_nano.a(libc_a-init.o)
 .ARM.attributes
                0x000000000000011f       0x1d D:/STM32CubeIDE/STM32CubeIDE_1.14.1/STM32CubeIDE/plugins/com.st.stm32cube.ide.mcu.externaltools.gnu-tools-for-stm32.11.3.rel1.win32_1.1.100.202309141235/tools/bin/../lib/gcc/arm-none-eabi/11.3.1/thumb/v7-m/nofp/crtn.o
OUTPUT(ADAS.elf elf32-littlearm)
LOAD linker stubs
LOAD D:/STM32CubeIDE/STM32CubeIDE_1.14.1/STM32CubeIDE/plugins/com.st.stm32cube.ide.mcu.externaltools.gnu-tools-for-stm32.11.3.rel1.win32_1.1.100.202309141235/tools/bin/../lib/gcc/arm-none-eabi/11.3.1/../../../../arm-none-eabi/lib/thumb/v7-m/nofp\libc.a
LOAD D:/STM32CubeIDE/STM32CubeIDE_1.14.1/STM32CubeIDE/plugins/com.st.stm32cube.ide.mcu.externaltools.gnu-tools-for-stm32.11.3.rel1.win32_1.1.100.202309141235/tools/bin/../lib/gcc/arm-none-eabi/11.3.1/../../../../arm-none-eabi/lib/thumb/v7-m/nofp\libm.a
LOAD D:/STM32CubeIDE/STM32CubeIDE_1.14.1/STM32CubeIDE/plugins/com.st.stm32cube.ide.mcu.externaltools.gnu-tools-for-stm32.11.3.rel1.win32_1.1.100.202309141235/tools/bin/../lib/gcc/arm-none-eabi/11.3.1/thumb/v7-m/nofp\libgcc.a

.comment        0x0000000000000000       0x43
 .comment       0x0000000000000000       0x43 D:/STM32CubeIDE/STM32CubeIDE_1.14.1/STM32CubeIDE/plugins/com.st.stm32cube.ide.mcu.externaltools.gnu-tools-for-stm32.11.3.rel1.win32_1.1.100.202309141235/tools/bin/../lib/gcc/arm-none-eabi/11.3.1/thumb/v7-m/nofp/crtbegin.o
                                         0x44 (size before relaxing)
 .comment       0x0000000000000043       0x44 ./Src/CortexM3/SysTick/Cortex-M3_SysTick.o
 .comment       0x0000000000000043       0x44 ./Src/HAL/RCC/rcc.o
 .comment       0x0000000000000043       0x44 ./Src/main.o

.debug_info     0x0000000000000000      0x691
 .debug_info    0x0000000000000000      0x212 ./Src/CortexM3/SysTick/Cortex-M3_SysTick.o
 .debug_info    0x0000000000000212      0x232 ./Src/HAL/RCC/rcc.o
 .debug_info    0x0000000000000444      0x22a ./Src/main.o
 .debug_info    0x000000000000066e       0x23 ./Startup/startup_stm32f103c8tx.o

.debug_abbrev   0x0000000000000000      0x3bb
 .debug_abbrev  0x0000000000000000      0x13f ./Src/CortexM3/SysTick/Cortex-M3_SysTick.o
 .debug_abbrev  0x000000000000013f       0xfc ./Src/HAL/RCC/rcc.o
 .debug_abbrev  0x000000000000023b      0x16e ./Src/main.o
 .debug_abbrev  0x00000000000003a9       0x12 ./Startup/startup_stm32f103c8tx.o

.debug_aranges  0x0000000000000000       0xc0
 .debug_aranges
                0x0000000000000000       0x50 ./Src/CortexM3/SysTick/Cortex-M3_SysTick.o
 .debug_aranges
                0x0000000000000050       0x20 ./Src/HAL/RCC/rcc.o
 .debug_aranges
                0x0000000000000070       0x28 ./Src/main.o
 .debug_aranges
                0x0000000000000098       0x28 ./Startup/startup_stm32f103c8tx.o

.debug_rnglists
                0x0000000000000000       0x7d
 .debug_rnglists
                0x0000000000000000       0x37 ./Src/CortexM3/SysTick/Cortex-M3_SysTick.o
 .debug_rnglists
                0x0000000000000037       0x14 ./Src/HAL/RCC/rcc.o
 .debug_rnglists
                0x000000000000004b       0x19 ./Src/main.o
 .debug_rnglists
                0x0000000000000064       0x19 ./Startup/startup_stm32f103c8tx.o

.debug_macro    0x0000000000000000      0xadd
 .debug_macro   0x0000000000000000      0x17d ./Src/CortexM3/SysTick/Cortex-M3_SysTick.o
 .debug_macro   0x000000000000017d      0x545 ./Src/CortexM3/SysTick/Cortex-M3_SysTick.o
 .debug_macro   0x00000000000006c2       0x40 ./Src/CortexM3/SysTick/Cortex-M3_SysTick.o
 .debug_macro   0x0000000000000702       0x1c ./Src/CortexM3/SysTick/Cortex-M3_SysTick.o
 .debug_macro   0x000000000000071e       0x94 ./Src/CortexM3/SysTick/Cortex-M3_SysTick.o
 .debug_macro   0x00000000000007b2      0x17d ./Src/HAL/RCC/rcc.o
 .debug_macro   0x000000000000092f      0x1ae ./Src/main.o

.debug_line     0x0000000000000000     0x1824
 .debug_line    0x0000000000000000      0x837 ./Src/CortexM3/SysTick/Cortex-M3_SysTick.o
 .debug_line    0x0000000000000837      0x7f8 ./Src/HAL/RCC/rcc.o
 .debug_line    0x000000000000102f      0x77a ./Src/main.o
 .debug_line    0x00000000000017a9       0x7b ./Startup/startup_stm32f103c8tx.o

.debug_str      0x0000000000000000     0xc265
 .debug_str     0x0000000000000000     0x8fc1 ./Src/CortexM3/SysTick/Cortex-M3_SysTick.o
                                       0x90d7 (size before relaxing)
 .debug_str     0x0000000000008fc1     0x2f16 ./Src/HAL/RCC/rcc.o
                                       0xb9b6 (size before relaxing)
 .debug_str     0x000000000000bed7      0x35f ./Src/main.o
                                       0xc241 (size before relaxing)
 .debug_str     0x000000000000c236       0x2f ./Startup/startup_stm32f103c8tx.o
                                         0x7b (size before relaxing)

.debug_frame    0x0000000000000000      0x1bc
 .debug_frame   0x0000000000000000      0x10c ./Src/CortexM3/SysTick/Cortex-M3_SysTick.o
 .debug_frame   0x000000000000010c       0x38 ./Src/HAL/RCC/rcc.o
 .debug_frame   0x0000000000000144       0x4c ./Src/main.o
 .debug_frame   0x0000000000000190       0x2c D:/STM32CubeIDE/STM32CubeIDE_1.14.1/STM32CubeIDE/plugins/com.st.stm32cube.ide.mcu.externaltools.gnu-tools-for-stm32.11.3.rel1.win32_1.1.100.202309141235/tools/bin/../lib/gcc/arm-none-eabi/11.3.1/../../../../arm-none-eabi/lib/thumb/v7-m/nofp\libc_nano.a(libc_a-init.o)

.debug_line_str
                0x0000000000000000       0x6f
 .debug_line_str
                0x0000000000000000       0x6f ./Startup/startup_stm32f103c8tx.o
                                         0x87 (size before relaxing)
