../Src/CortexM3/SysTick/Cortex-M3_SysTick.c:22:8:SysTick_Init	24	static
../Src/CortexM3/SysTick/Cortex-M3_SysTick.c:50:6:SysTick_DeInit	4	static
../Src/CortexM3/SysTick/Cortex-M3_SysTick.c:63:6:SysTick_WaitBlocking	16	static
../Src/CortexM3/SysTick/Cortex-M3_SysTick.c:81:6:SysTick_SingleInterval	16	static
../Src/CortexM3/SysTick/Cortex-M3_SysTick.c:102:6:SysTick_PeriodicInterval	16	static
../Src/CortexM3/SysTick/Cortex-M3_SysTick.c:122:9:SysTick_GetRemainingTicks	4	static
../Src/CortexM3/SysTick/Cortex-M3_SysTick.c:128:6:SysTick_Handler	8	static
